REFER : 
header files :
https://stackoverflow.com/questions/32872908/how-to-include-linux-module-h-in-my-source-file

printk :
https://stackoverflow.com/questions/4036624/where-does-printk-print-to 

man page :
https://man.linuxreviews.org/man9/printk.9.html#google_vignette

Makefile :
obj-m += cats.o  ==>turn our object file in to kernel module 

refer :"https://stackoverflow.com/questions/8913375/kernel-module-makefile-how-to-make-a-static-library-from-objects-and-then-link"

COMMANDS :
hp@ubuntu:~/km$ make -C /lib/modules/`uname -r`/build M=$PWD

/lib/modules/`uname -r`/build -- KERNEL PATH ,BUILD WRT KERNEL 
M=$PWD ==> THE CURRENT DIRECTORY IS EXTERNAL MODULE 

MORE DETAILS : 
Very Detailed Answer: Understanding the -C Flag in Makefile
Question Summary

The question seeks to clarify the purpose and functionality of the -C flag used in the context of the make command, specifically in the command make -C /lib/modules/uname -r/build M=$PWD. This command is often encountered in the process of building kernel modules in Linux environments.
Answer

The -C flag in the make command is a powerful option that allows you to change the directory before executing the Makefile. This is particularly useful when you want to build a project located in a different directory than your current working directory. Let's break down the command you provided to understand its components and the role of the -C flag in detail.
Breakdown of the Command

language-bash

make -C /lib/modules/`uname -r`/build M=$PWD

    make: This is the command that invokes the Make utility, which is used to automate the build process of software projects.

    -C /lib/modules/uname -r/build:
        The -C flag tells make to change to the specified directory (/lib/modules/uname -r/build) before executing the Makefile found there.
        The backticks (`) around uname -r execute the command uname -r, which returns the current kernel version. This means that the path dynamically points to the build directory for the currently running kernel.

    M=$PWD:
        This sets the variable M to the current working directory ($PWD). In the context of building kernel modules, this variable typically indicates where the module source code is located.
        By passing M=$PWD, you are instructing the Makefile in the kernel build directory to include the module source code from your current directory.

Purpose of the -C Flag

The primary purpose of the -C flag is to facilitate the building process by allowing you to specify a different directory for the Makefile. This is particularly useful in scenarios such as:

    Kernel Module Development: When developing kernel modules, the source code for the module is often located in a separate directory from the kernel source. The -C flag allows you to build the module against the kernel source without needing to navigate to that directory manually.

    Organizational Clarity: It helps maintain a clean working environment by allowing developers to keep their source code organized in separate directories while still being able to build and compile from anywhere in the filesystem.

Example Scenario

Imagine you are developing a kernel module named my_module.c located in your home directory (/home/user/my_module). The kernel source for your current kernel version is located in /lib/modules/5.4.0-42-generic/build. To compile your module against the kernel source, you would use the command:

language-bash

make -C /lib/modules/`uname -r`/build M=$PWD

This command effectively changes the directory to the kernel build directory, allowing the Makefile there to access the necessary kernel headers and build your module using the source code located in your current directory.
Conclusion

In summary, the -C flag in the make command is an essential tool for developers working with Makefiles, especially in the context of kernel module development. It allows for flexibility in specifying the build environment, ensuring that the correct kernel headers are used while keeping the source code organized. Understanding this flag can significantly enhance your efficiency and effectiveness in managing complex build processes.


OUTPUT OF THE WHOLE COMMAND :
make: Entering directory '/usr/src/linux-headers-5.15.0-122-generic'
warning: the compiler differs from the one used to build the kernel
  The kernel was built by: gcc (Ubuntu 9.4.0-1ubuntu1~20.04.2) 9.4.0
  You are using:           gcc.real (Ubuntu 9.4.0-1ubuntu1~20.04.2) 9.4.0
  CC [M]  /home/hp/km/cats.o
  MODPOST /home/hp/km/Module.symvers
ERROR: modpost: missing MODULE_LICENSE() in /home/hp/km/cats.o
make[1]: *** [scripts/Makefile.modpost:133: /home/hp/km/Module.symvers] Error 1
make[1]: *** Deleting file '/home/hp/km/Module.symvers'
make: *** [Makefile:1829: modules] Error 2
make: Leaving directory '/usr/src/linux-headers-5.15.0-122-generic'


error :add license : 
ADD IT IN YOUR CODE : 

MODULE_LICENSE("GPL"); // Specify the license
MODULE_AUTHOR("Your Name");
MODULE_DESCRIPTION("A simple example of a Linux kernel module");


NEW RESPONSE OPUTPUT :
hp@ubuntu:~/km$ make -C /lib/modules/`uname -r`/build M=$PWD
make: Entering directory '/usr/src/linux-headers-5.15.0-122-generic'
warning: the compiler differs from the one used to build the kernel
  The kernel was built by: gcc (Ubuntu 9.4.0-1ubuntu1~20.04.2) 9.4.0
  You are using:           gcc.real (Ubuntu 9.4.0-1ubuntu1~20.04.2) 9.4.0
  CC [M]  /home/hp/km/cats.o
  MODPOST /home/hp/km/Module.symvers
  CC [M]  /home/hp/km/cats.mod.o
  LD [M]  /home/hp/km/cats.ko
  BTF [M] /home/hp/km/cats.ko
Skipping BTF generation for /home/hp/km/cats.ko due to unavailability of vmlinux
make: Leaving directory '/usr/src/linux-headers-5.15.0-122-generic'


next loading modules for the kernel to link :
hp@ubuntu:~/km$ insmod cats.ko
insmod: ERROR: could not insert module cats.ko: Operation not permitted
hp@ubuntu:~/km$ sudo insmod cats.ko
[sudo] password for hp: 
hp@ubuntu:~/km$ dmesg | tail -n 1 
[14354.436661] CATS MODULE LOADED !
hp@ubuntu:~/km$


'''
YOU CAN ALSO REFER FOR THE BVELOW CODE : 
Very Detailed Answer: Troubleshooting the Makefile for C Kernel Module Compilation
Question Summary

The user is attempting to compile a kernel module named cat.ko using a Makefile, but the process fails with an error indicating a missing MODULE_LICENSE() directive in the source file. The user is also receiving a warning about the compiler version differing from the one used to build the kernel.
Answer

When compiling a kernel module in Linux, several factors can lead to errors, as seen in your output. Let's break down the issues and provide a detailed solution to ensure successful compilation of your cat.ko file.
Understanding the Error Messages

    Compiler Warning:

    warning: the compiler differs from the one used to build the kernel

    This warning indicates that the version of GCC you are using to compile your module is not the same as the one used to compile the kernel. While this may not always lead to compilation failures, it is advisable to use the same version to avoid potential compatibility issues.

    Missing MODULE_LICENSE():

    ERROR: modpost: missing MODULE_LICENSE() in /home/hp/km/cats.o

    This error is critical. The MODULE_LICENSE() macro is required in every kernel module to specify the licensing of the module. Without it, the kernel will not allow the module to be loaded, as it cannot determine the module's compliance with licensing requirements.

Steps to Resolve the Issues
Step 1: Add MODULE_LICENSE() to Your Source Code

Ensure that your source file (e.g., cats.c) includes the MODULE_LICENSE() directive. Hereâ€™s how you can modify your source code:

language-c

#include <linux/module.h>
#include <linux/kernel.h>

MODULE_LICENSE("GPL"); // Specify the license
MODULE_AUTHOR("Your Name");
MODULE_DESCRIPTION("A simple example of a Linux kernel module");

static int __init cats_init(void) {
    printk(KERN_INFO "Cats module loaded.\n");
    return 0;
}

static void __exit cats_exit(void) {
    printk(KERN_INFO "Cats module unloaded.\n");
}

module_init(cats_init);
module_exit(cats_exit);

Step 2: Verify Your Makefile

Ensure that your Makefile is correctly set up to compile the module. A typical Makefile for a kernel module looks like this:

language-makefile

obj-m += cats.o

all:
    make -C /lib/modules/$(shell uname -r)/build M=$(PWD) modules

clean:
    make -C /lib/modules/$(shell uname -r)/build M=$(PWD) clean

Step 3: Check Compiler Version

To ensure that you are using the same compiler version as the one used to build the kernel, you can check the version of GCC used for the kernel:

language-bash

cat /proc/version

If the versions differ, consider installing the appropriate version of GCC or using the one specified in the kernel build.
Step 4: Clean and Rebuild

After making the necessary changes, clean the build environment and attempt to compile again:

language-bash

make clean
make -C /lib/modules/$(uname -r)/build M=$PWD

Conclusion

By ensuring that the MODULE_LICENSE() directive is included in your source code and verifying that your Makefile is correctly configured, you should be able to compile your kernel module successfully. Additionally, aligning the compiler versions can help avoid potential issues. If you follow these steps and still encounter problems, consider checking the kernel logs for more detailed error messages or consult the kernel documentation for further guidance.
'''
